10-02 17:07:53.799 15369-15369/com.yinzcam.nbl.league D/TextView: setTypeface with style : 0
10-02 17:07:53.800 15369-15369/com.yinzcam.nbl.league D/TextView: setTypeface with style : 0
10-02 17:07:53.803 15369-15369/com.yinzcam.nbl.league D/TextView: setTypeface with style : 0
10-02 17:07:53.804 15369-15369/com.yinzcam.nbl.league D/TextView: setTypeface with style : 0
10-02 17:07:53.807 15369-15369/com.yinzcam.nbl.league D/TextView: setTypeface with style : 0
10-02 17:07:53.808 15369-15369/com.yinzcam.nbl.league D/TextView: setTypeface with style : 0
10-02 17:07:53.809 15369-15369/com.yinzcam.nbl.league D/TextView: setTypeface with style : 0
10-02 17:07:53.810 15369-15369/com.yinzcam.nbl.league D/TextView: setTypeface with style : 0
10-02 17:07:53.811 15369-15369/com.yinzcam.nbl.league D/TextView: setTypeface with style : 0
10-02 17:07:53.813 15369-15369/com.yinzcam.nbl.league D/TextView: setTypeface with style : 0
10-02 17:07:53.815 15369-15369/com.yinzcam.nbl.league D/TextView: setTypeface with style : 0
10-02 17:07:53.816 15369-15369/com.yinzcam.nbl.league D/TextView: setTypeface with style : 0
10-02 17:07:53.818 15369-15369/com.yinzcam.nbl.league D/TextView: setTypeface with style : 0
10-02 17:07:53.819 15369-15369/com.yinzcam.nbl.league D/TextView: setTypeface with style : 0
10-02 17:07:53.822 15369-15369/com.yinzcam.nbl.league D/TextView: setTypeface with style : 0
10-02 17:07:53.823 15369-15369/com.yinzcam.nbl.league D/TextView: setTypeface with style : 0
10-02 17:07:53.826 15369-15369/com.yinzcam.nbl.league D/TextView: setTypeface with style : 0
10-02 17:07:53.827 15369-15369/com.yinzcam.nbl.league D/TextView: setTypeface with style : 0
10-02 17:07:53.828 15369-15369/com.yinzcam.nbl.league D/TextView: setTypeface with style : 0
10-02 17:07:53.829 15369-15369/com.yinzcam.nbl.league D/TextView: setTypeface with style : 0
10-02 17:07:53.830 15369-15369/com.yinzcam.nbl.league D/TextView: setTypeface with style : 0
10-02 17:07:53.832 15369-15369/com.yinzcam.nbl.league D/TextView: setTypeface with style : 0
10-02 17:07:53.833 15369-15369/com.yinzcam.nbl.league D/TextView: setTypeface with style : 0
10-02 17:07:53.835 15369-15369/com.yinzcam.nbl.league D/TextView: setTypeface with style : 0
10-02 17:07:53.837 15369-15369/com.yinzcam.nbl.league D/TextView: setTypeface with style : 0
10-02 17:07:53.838 15369-15369/com.yinzcam.nbl.league D/TextView: setTypeface with style : 0
10-02 17:07:53.842 15369-15369/com.yinzcam.nbl.league D/TextView: setTypeface with style : 0
10-02 17:07:53.844 15369-15369/com.yinzcam.nbl.league D/TextView: setTypeface with style : 0
10-02 17:07:53.845 15369-15369/com.yinzcam.nbl.league D/TextView: setTypeface with style : 0
10-02 17:07:53.847 15369-15369/com.yinzcam.nbl.league D/TextView: setTypeface with style : 0
10-02 17:07:53.848 15369-15369/com.yinzcam.nbl.league D/TextView: setTypeface with style : 0
10-02 17:07:53.849 15369-15369/com.yinzcam.nbl.league D/TextView: setTypeface with style : 0
10-02 17:07:53.851 15369-15369/com.yinzcam.nbl.league D/TextView: setTypeface with style : 0
10-02 17:07:53.852 15369-15369/com.yinzcam.nbl.league D/TextView: setTypeface with style : 0
10-02 17:07:53.854 15369-15369/com.yinzcam.nbl.league D/TextView: setTypeface with style : 0
10-02 17:07:53.855 15369-15369/com.yinzcam.nbl.league D/TextView: setTypeface with style : 0
10-02 17:07:53.856 15369-15369/com.yinzcam.nbl.league D/TextView: setTypeface with style : 0
10-02 17:07:53.859 15369-15369/com.yinzcam.nbl.league D/TextView: setTypeface with style : 0
10-02 17:07:53.862 15369-15369/com.yinzcam.nbl.league D/TextView: setTypeface with style : 0
10-02 17:07:53.863 15369-15369/com.yinzcam.nbl.league D/TextView: setTypeface with style : 0
10-02 17:07:53.865 15369-15369/com.yinzcam.nbl.league D/TextView: setTypeface with style : 0
10-02 17:07:53.866 15369-15369/com.yinzcam.nbl.league D/TextView: setTypeface with style : 0
10-02 17:07:53.867 15369-15369/com.yinzcam.nbl.league D/TextView: setTypeface with style : 0
10-02 17:07:53.869 15369-15369/com.yinzcam.nbl.league D/TextView: setTypeface with style : 0
10-02 17:07:53.870 15369-15369/com.yinzcam.nbl.league D/TextView: setTypeface with style : 0
10-02 17:07:53.872 15369-15369/com.yinzcam.nbl.league D/TextView: setTypeface with style : 0
10-02 17:07:53.874 15369-15369/com.yinzcam.nbl.league D/TextView: setTypeface with style : 0
10-02 17:07:53.875 15369-15369/com.yinzcam.nbl.league D/TextView: setTypeface with style : 0
10-02 17:07:53.878 15369-15369/com.yinzcam.nbl.league D/TextView: setTypeface with style : 0
10-02 17:07:53.881 15369-15369/com.yinzcam.nbl.league D/TextView: setTypeface with style : 0
10-02 17:07:53.882 15369-15369/com.yinzcam.nbl.league D/TextView: setTypeface with style : 0
10-02 17:07:53.883 15369-15369/com.yinzcam.nbl.league D/TextView: setTypeface with style : 0
10-02 17:07:53.885 15369-15369/com.yinzcam.nbl.league D/TextView: setTypeface with style : 0
10-02 17:07:53.886 15369-15369/com.yinzcam.nbl.league D/TextView: setTypeface with style : 0
10-02 17:07:53.888 15369-15369/com.yinzcam.nbl.league D/TextView: setTypeface with style : 0
10-02 17:07:53.890 15369-15369/com.yinzcam.nbl.league D/TextView: setTypeface with style : 0
10-02 17:07:53.892 15369-15369/com.yinzcam.nbl.league D/TextView: setTypeface with style : 0
10-02 17:07:53.893 15369-15369/com.yinzcam.nbl.league D/TextView: setTypeface with style : 0
10-02 17:07:53.895 15369-15369/com.yinzcam.nbl.league D/TextView: setTypeface with style : 0
10-02 17:07:53.898 15369-15369/com.yinzcam.nbl.league D/TextView: setTypeface with style : 0
10-02 17:07:53.909 15369-15369/com.yinzcam.nbl.league D/TextView: setTypeface with style : 0
10-02 17:07:53.910 15369-15369/com.yinzcam.nbl.league D/TextView: setTypeface with style : 0
10-02 17:07:53.912 15369-15369/com.yinzcam.nbl.league D/TextView: setTypeface with style : 0
10-02 17:07:53.913 15369-15369/com.yinzcam.nbl.league D/TextView: setTypeface with style : 0
10-02 17:07:53.914 15369-15369/com.yinzcam.nbl.league D/TextView: setTypeface with style : 0
10-02 17:07:53.916 15369-15369/com.yinzcam.nbl.league D/TextView: setTypeface with style : 0
10-02 17:07:53.918 15369-15369/com.yinzcam.nbl.league D/TextView: setTypeface with style : 0
10-02 17:07:53.919 15369-15369/com.yinzcam.nbl.league D/TextView: setTypeface with style : 0
10-02 17:07:53.921 15369-15369/com.yinzcam.nbl.league D/TextView: setTypeface with style : 0
10-02 17:07:53.922 15369-15369/com.yinzcam.nbl.league D/TextView: setTypeface with style : 0
10-02 17:07:53.926 15369-15369/com.yinzcam.nbl.league D/TextView: setTypeface with style : 0
10-02 17:07:53.928 15369-15369/com.yinzcam.nbl.league D/TextView: setTypeface with style : 0
10-02 17:07:53.931 15369-15369/com.yinzcam.nbl.league D/TextView: setTypeface with style : 0
10-02 17:07:53.932 15369-15369/com.yinzcam.nbl.league D/TextView: setTypeface with style : 0
10-02 17:07:53.934 15369-15369/com.yinzcam.nbl.league D/TextView: setTypeface with style : 0
10-02 17:07:53.935 15369-15369/com.yinzcam.nbl.league D/TextView: setTypeface with style : 0
10-02 17:07:53.936 15369-15369/com.yinzcam.nbl.league D/TextView: setTypeface with style : 0
10-02 17:07:53.939 15369-15369/com.yinzcam.nbl.league D/TextView: setTypeface with style : 0
10-02 17:07:53.941 15369-15369/com.yinzcam.nbl.league D/TextView: setTypeface with style : 0
10-02 17:07:53.943 15369-15369/com.yinzcam.nbl.league D/TextView: setTypeface with style : 0
10-02 17:07:53.945 15369-15369/com.yinzcam.nbl.league D/TextView: setTypeface with style : 0
10-02 17:07:53.946 15369-15369/com.yinzcam.nbl.league D/TextView: setTypeface with style : 0
10-02 17:07:53.950 15369-15369/com.yinzcam.nbl.league D/TextView: setTypeface with style : 0
10-02 17:07:53.951 15369-15369/com.yinzcam.nbl.league D/TextView: setTypeface with style : 0
10-02 17:07:53.954 15369-15369/com.yinzcam.nbl.league D/TextView: setTypeface with style : 0
10-02 17:07:53.956 15369-15369/com.yinzcam.nbl.league D/TextView: setTypeface with style : 0
10-02 17:07:53.957 15369-15369/com.yinzcam.nbl.league D/TextView: setTypeface with style : 0
10-02 17:07:53.959 15369-15369/com.yinzcam.nbl.league D/TextView: setTypeface with style : 0
10-02 17:07:53.960 15369-15369/com.yinzcam.nbl.league D/TextView: setTypeface with style : 0
10-02 17:07:53.962 15369-15369/com.yinzcam.nbl.league D/TextView: setTypeface with style : 0
10-02 17:07:53.964 15369-15369/com.yinzcam.nbl.league D/TextView: setTypeface with style : 0
10-02 17:07:53.966 15369-15369/com.yinzcam.nbl.league D/TextView: setTypeface with style : 0
10-02 17:07:53.968 15369-15369/com.yinzcam.nbl.league D/TextView: setTypeface with style : 0
10-02 17:07:53.969 15369-15369/com.yinzcam.nbl.league D/TextView: setTypeface with style : 0
10-02 17:07:53.973 15369-15369/com.yinzcam.nbl.league D/TextView: setTypeface with style : 0
10-02 17:07:53.974 15369-15369/com.yinzcam.nbl.league D/TextView: setTypeface with style : 0
10-02 17:07:53.977 15369-15369/com.yinzcam.nbl.league D/TextView: setTypeface with style : 0
10-02 17:07:53.979 15369-15369/com.yinzcam.nbl.league D/TextView: setTypeface with style : 0
10-02 17:07:53.980 15369-15369/com.yinzcam.nbl.league D/TextView: setTypeface with style : 0
10-02 17:07:53.981 15369-15369/com.yinzcam.nbl.league D/TextView: setTypeface with style : 0
10-02 17:07:53.983 15369-15369/com.yinzcam.nbl.league D/TextView: setTypeface with style : 0
10-02 17:07:53.985 15369-15369/com.yinzcam.nbl.league D/TextView: setTypeface with style : 0
10-02 17:07:53.987 15369-15369/com.yinzcam.nbl.league D/TextView: setTypeface with style : 0
10-02 17:07:53.989 15369-15369/com.yinzcam.nbl.league D/TextView: setTypeface with style : 0
10-02 17:07:53.990 15369-15369/com.yinzcam.nbl.league D/TextView: setTypeface with style : 0
10-02 17:07:53.992 15369-15369/com.yinzcam.nbl.league D/TextView: setTypeface with style : 0
10-02 17:07:53.996 15369-15369/com.yinzcam.nbl.league D/TextView: setTypeface with style : 0
10-02 17:07:53.999 15369-15369/com.yinzcam.nbl.league D/TextView: setTypeface with style : 0
10-02 17:07:54.000 15369-15369/com.yinzcam.nbl.league D/TextView: setTypeface with style : 0
10-02 17:07:54.002 15369-15369/com.yinzcam.nbl.league D/TextView: setTypeface with style : 0
10-02 17:07:54.003 15369-15369/com.yinzcam.nbl.league D/TextView: setTypeface with style : 0
10-02 17:07:54.005 15369-15369/com.yinzcam.nbl.league D/TextView: setTypeface with style : 0
10-02 17:07:54.007 15369-15369/com.yinzcam.nbl.league D/TextView: setTypeface with style : 0
10-02 17:07:54.009 15369-15369/com.yinzcam.nbl.league D/TextView: setTypeface with style : 0
10-02 17:07:54.011 15369-15369/com.yinzcam.nbl.league D/TextView: setTypeface with style : 0
10-02 17:07:54.013 15369-15369/com.yinzcam.nbl.league D/TextView: setTypeface with style : 0
10-02 17:07:54.014 15369-15369/com.yinzcam.nbl.league D/TextView: setTypeface with style : 0
10-02 17:07:54.018 15369-15369/com.yinzcam.nbl.league D/TextView: setTypeface with style : 0
10-02 17:07:54.021 15369-15369/com.yinzcam.nbl.league D/TextView: setTypeface with style : 0
10-02 17:07:54.023 15369-15369/com.yinzcam.nbl.league D/TextView: setTypeface with style : 0
10-02 17:07:54.024 15369-15369/com.yinzcam.nbl.league D/TextView: setTypeface with style : 0
10-02 17:07:54.026 15369-15369/com.yinzcam.nbl.league D/TextView: setTypeface with style : 0
10-02 17:07:54.027 15369-15369/com.yinzcam.nbl.league D/TextView: setTypeface with style : 0
10-02 17:07:54.029 15369-15369/com.yinzcam.nbl.league D/TextView: setTypeface with style : 0
10-02 17:07:54.031 15369-15369/com.yinzcam.nbl.league D/TextView: setTypeface with style : 0
10-02 17:07:54.032 15369-15369/com.yinzcam.nbl.league D/TextView: setTypeface with style : 0
10-02 17:07:54.034 15369-15369/com.yinzcam.nbl.league D/TextView: setTypeface with style : 0
10-02 17:07:54.036 15369-15369/com.yinzcam.nbl.league D/TextView: setTypeface with style : 0
10-02 17:07:54.039 15369-15369/com.yinzcam.nbl.league D/TextView: setTypeface with style : 0
10-02 17:07:54.042 15369-15369/com.yinzcam.nbl.league D/TextView: setTypeface with style : 0
10-02 17:07:54.043 15369-15369/com.yinzcam.nbl.league D/TextView: setTypeface with style : 0
10-02 17:07:54.045 15369-15369/com.yinzcam.nbl.league D/TextView: setTypeface with style : 0
10-02 17:07:54.046 15369-15369/com.yinzcam.nbl.league D/TextView: setTypeface with style : 0
10-02 17:07:54.047 15369-15369/com.yinzcam.nbl.league D/TextView: setTypeface with style : 0
10-02 17:07:54.050 15369-15369/com.yinzcam.nbl.league D/TextView: setTypeface with style : 0
10-02 17:07:54.051 15369-15369/com.yinzcam.nbl.league D/TextView: setTypeface with style : 0
10-02 17:07:54.054 15369-15369/com.yinzcam.nbl.league D/TextView: setTypeface with style : 0
10-02 17:07:54.055 15369-15374/com.yinzcam.nbl.league I/art: Do partial code cache collection, code=124KB, data=119KB
10-02 17:07:54.055 15369-15369/com.yinzcam.nbl.league D/TextView: setTypeface with style : 0
10-02 17:07:54.056 15369-15374/com.yinzcam.nbl.league I/art: After code cache collection, code=123KB, data=118KB
    Increasing code cache capacity to 512KB
10-02 17:07:54.057 15369-15369/com.yinzcam.nbl.league D/TextView: setTypeface with style : 0
10-02 17:07:54.061 15369-15369/com.yinzcam.nbl.league D/TextView: setTypeface with style : 0
10-02 17:07:54.075 15369-15369/com.yinzcam.nbl.league D/TextView: setTypeface with style : 0
10-02 17:07:54.076 15369-15369/com.yinzcam.nbl.league D/TextView: setTypeface with style : 0
10-02 17:07:54.078 15369-15369/com.yinzcam.nbl.league D/TextView: setTypeface with style : 0
10-02 17:07:54.079 15369-15369/com.yinzcam.nbl.league D/TextView: setTypeface with style : 0
10-02 17:07:54.080 15369-15369/com.yinzcam.nbl.league D/TextView: setTypeface with style : 0
10-02 17:07:54.083 15369-15369/com.yinzcam.nbl.league D/TextView: setTypeface with style : 0
10-02 17:07:54.084 15369-15369/com.yinzcam.nbl.league D/TextView: setTypeface with style : 0
10-02 17:07:54.087 15369-15369/com.yinzcam.nbl.league D/TextView: setTypeface with style : 0
10-02 17:07:54.088 15369-15369/com.yinzcam.nbl.league D/TextView: setTypeface with style : 0
10-02 17:07:54.090 15369-15369/com.yinzcam.nbl.league D/TextView: setTypeface with style : 0
10-02 17:07:54.094 15369-15369/com.yinzcam.nbl.league D/TextView: setTypeface with style : 0
10-02 17:07:54.096 15369-15369/com.yinzcam.nbl.league D/TextView: setTypeface with style : 0
10-02 17:07:54.099 15369-15369/com.yinzcam.nbl.league D/TextView: setTypeface with style : 0
10-02 17:07:54.100 15369-15369/com.yinzcam.nbl.league D/TextView: setTypeface with style : 0
10-02 17:07:54.101 15369-15369/com.yinzcam.nbl.league D/TextView: setTypeface with style : 0
10-02 17:07:54.103 15369-15369/com.yinzcam.nbl.league D/TextView: setTypeface with style : 0
10-02 17:07:54.104 15369-15369/com.yinzcam.nbl.league D/TextView: setTypeface with style : 0
10-02 17:07:54.106 15369-15369/com.yinzcam.nbl.league D/TextView: setTypeface with style : 0
10-02 17:07:54.108 15369-15369/com.yinzcam.nbl.league D/TextView: setTypeface with style : 0
10-02 17:07:54.110 15369-15369/com.yinzcam.nbl.league D/TextView: setTypeface with style : 0
10-02 17:07:54.112 15369-15369/com.yinzcam.nbl.league D/TextView: setTypeface with style : 0
10-02 17:07:54.113 15369-15369/com.yinzcam.nbl.league D/TextView: setTypeface with style : 0
10-02 17:07:54.117 15369-15369/com.yinzcam.nbl.league D/TextView: setTypeface with style : 0
10-02 17:07:54.119 15369-15369/com.yinzcam.nbl.league D/TextView: setTypeface with style : 0
10-02 17:07:54.121 15369-15369/com.yinzcam.nbl.league D/TextView: setTypeface with style : 0
10-02 17:07:54.122 15369-15369/com.yinzcam.nbl.league D/TextView: setTypeface with style : 0
10-02 17:07:54.124 15369-15369/com.yinzcam.nbl.league D/TextView: setTypeface with style : 0
10-02 17:07:54.125 15369-15369/com.yinzcam.nbl.league D/TextView: setTypeface with style : 0
10-02 17:07:54.126 15369-15369/com.yinzcam.nbl.league D/TextView: setTypeface with style : 0
10-02 17:07:54.128 15369-15369/com.yinzcam.nbl.league D/TextView: setTypeface with style : 0
10-02 17:07:54.130 15369-15369/com.yinzcam.nbl.league D/TextView: setTypeface with style : 0
10-02 17:07:54.131 15369-15369/com.yinzcam.nbl.league D/TextView: setTypeface with style : 0
10-02 17:07:54.133 15369-15369/com.yinzcam.nbl.league D/TextView: setTypeface with style : 0
10-02 17:07:54.135 15369-15369/com.yinzcam.nbl.league D/TextView: setTypeface with style : 0
10-02 17:07:54.138 15369-15369/com.yinzcam.nbl.league D/TextView: setTypeface with style : 0
10-02 17:07:54.140 15369-15369/com.yinzcam.nbl.league D/TextView: setTypeface with style : 0
10-02 17:07:54.143 15369-15369/com.yinzcam.nbl.league D/TextView: setTypeface with style : 0
10-02 17:07:54.144 15369-15369/com.yinzcam.nbl.league D/TextView: setTypeface with style : 0
10-02 17:07:54.146 15369-15369/com.yinzcam.nbl.league D/TextView: setTypeface with style : 0
10-02 17:07:54.147 15369-15369/com.yinzcam.nbl.league D/TextView: setTypeface with style : 0
10-02 17:07:54.148 15369-15369/com.yinzcam.nbl.league D/TextView: setTypeface with style : 0
10-02 17:07:54.151 15369-15369/com.yinzcam.nbl.league D/TextView: setTypeface with style : 0
10-02 17:07:54.152 15369-15369/com.yinzcam.nbl.league D/TextView: setTypeface with style : 0
10-02 17:07:54.154 15369-15369/com.yinzcam.nbl.league D/TextView: setTypeface with style : 0
10-02 17:07:54.156 15369-15369/com.yinzcam.nbl.league D/TextView: setTypeface with style : 0
10-02 17:07:54.157 15369-15369/com.yinzcam.nbl.league D/TextView: setTypeface with style : 0
10-02 17:07:54.160 15369-15369/com.yinzcam.nbl.league D/TextView: setTypeface with style : 0
10-02 17:07:54.163 15369-15369/com.yinzcam.nbl.league D/TextView: setTypeface with style : 0
10-02 17:07:54.165 15369-15369/com.yinzcam.nbl.league D/TextView: setTypeface with style : 0
10-02 17:07:54.166 15369-15369/com.yinzcam.nbl.league D/TextView: setTypeface with style : 0
10-02 17:07:54.167 15369-15369/com.yinzcam.nbl.league D/TextView: setTypeface with style : 0
10-02 17:07:54.169 15369-15369/com.yinzcam.nbl.league D/TextView: setTypeface with style : 0
10-02 17:07:54.171 15369-15369/com.yinzcam.nbl.league D/TextView: setTypeface with style : 0
10-02 17:07:54.173 15369-15369/com.yinzcam.nbl.league D/TextView: setTypeface with style : 0
10-02 17:07:54.175 15369-15369/com.yinzcam.nbl.league D/TextView: setTypeface with style : 0
10-02 17:07:54.177 15369-15369/com.yinzcam.nbl.league D/TextView: setTypeface with style : 0
10-02 17:07:54.178 15369-15369/com.yinzcam.nbl.league D/TextView: setTypeface with style : 0
10-02 17:07:54.182 15369-15369/com.yinzcam.nbl.league D/TextView: setTypeface with style : 0
10-02 17:07:54.186 15369-15369/com.yinzcam.nbl.league D/TextView: setTypeface with style : 0
10-02 17:07:54.187 15369-15369/com.yinzcam.nbl.league D/TextView: setTypeface with style : 0
10-02 17:07:54.189 15369-15369/com.yinzcam.nbl.league D/TextView: setTypeface with style : 0
10-02 17:07:54.191 15369-15369/com.yinzcam.nbl.league D/TextView: setTypeface with style : 0
10-02 17:07:54.192 15369-15369/com.yinzcam.nbl.league D/TextView: setTypeface with style : 0
10-02 17:07:54.195 15369-15369/com.yinzcam.nbl.league D/TextView: setTypeface with style : 0
10-02 17:07:54.196 15369-15369/com.yinzcam.nbl.league D/TextView: setTypeface with style : 0
10-02 17:07:54.199 15369-15369/com.yinzcam.nbl.league D/TextView: setTypeface with style : 0
10-02 17:07:54.200 15369-15369/com.yinzcam.nbl.league D/TextView: setTypeface with style : 0
10-02 17:07:54.202 15369-15369/com.yinzcam.nbl.league D/TextView: setTypeface with style : 0
10-02 17:07:54.206 15369-15369/com.yinzcam.nbl.league D/TextView: setTypeface with style : 0
10-02 17:07:54.209 15369-15369/com.yinzcam.nbl.league D/TextView: setTypeface with style : 0
10-02 17:07:54.210 15369-15369/com.yinzcam.nbl.league D/TextView: setTypeface with style : 0
10-02 17:07:54.212 15369-15369/com.yinzcam.nbl.league D/TextView: setTypeface with style : 0
10-02 17:07:54.213 15369-15369/com.yinzcam.nbl.league D/TextView: setTypeface with style : 0
10-02 17:07:54.214 15369-15369/com.yinzcam.nbl.league D/TextView: setTypeface with style : 0
10-02 17:07:54.219 15369-15369/com.yinzcam.nbl.league D/TextView: setTypeface with style : 0
10-02 17:07:54.221 15369-15369/com.yinzcam.nbl.league D/TextView: setTypeface with style : 0
10-02 17:07:54.223 15369-15369/com.yinzcam.nbl.league D/TextView: setTypeface with style : 0
10-02 17:07:54.225 15369-15369/com.yinzcam.nbl.league D/TextView: setTypeface with style : 0
10-02 17:07:54.227 15369-15369/com.yinzcam.nbl.league D/TextView: setTypeface with style : 0
10-02 17:07:54.230 15369-15369/com.yinzcam.nbl.league D/TextView: setTypeface with style : 0
10-02 17:07:54.246 15369-15369/com.yinzcam.nbl.league D/TextView: setTypeface with style : 0
10-02 17:07:54.248 15369-15369/com.yinzcam.nbl.league D/TextView: setTypeface with style : 0
10-02 17:07:54.249 15369-15369/com.yinzcam.nbl.league D/TextView: setTypeface with style : 0
10-02 17:07:54.250 15369-15369/com.yinzcam.nbl.league D/TextView: setTypeface with style : 0
10-02 17:07:54.252 15369-15369/com.yinzcam.nbl.league D/TextView: setTypeface with style : 0
10-02 17:07:54.254 15369-15369/com.yinzcam.nbl.league D/TextView: setTypeface with style : 0
10-02 17:07:54.256 15369-15369/com.yinzcam.nbl.league D/TextView: setTypeface with style : 0
10-02 17:07:54.258 15369-15369/com.yinzcam.nbl.league D/TextView: setTypeface with style : 0
10-02 17:07:54.260 15369-15369/com.yinzcam.nbl.league D/TextView: setTypeface with style : 0
10-02 17:07:54.261 15369-15369/com.yinzcam.nbl.league D/TextView: setTypeface with style : 0
10-02 17:07:54.267 15369-15369/com.yinzcam.nbl.league D/TextView: setTypeface with style : 0
10-02 17:07:54.269 15369-15369/com.yinzcam.nbl.league D/TextView: setTypeface with style : 0
10-02 17:07:54.273 15369-15369/com.yinzcam.nbl.league D/TextView: setTypeface with style : 0
10-02 17:07:54.275 15369-15369/com.yinzcam.nbl.league D/TextView: setTypeface with style : 0
10-02 17:07:54.276 15369-15369/com.yinzcam.nbl.league D/TextView: setTypeface with style : 0
10-02 17:07:54.278 15369-15369/com.yinzcam.nbl.league D/TextView: setTypeface with style : 0
10-02 17:07:54.279 15369-15369/com.yinzcam.nbl.league D/TextView: setTypeface with style : 0
10-02 17:07:54.281 15369-15369/com.yinzcam.nbl.league D/TextView: setTypeface with style : 0
10-02 17:07:54.283 15369-15369/com.yinzcam.nbl.league D/TextView: setTypeface with style : 0
10-02 17:07:54.285 15369-15369/com.yinzcam.nbl.league D/TextView: setTypeface with style : 0
10-02 17:07:54.287 15369-15369/com.yinzcam.nbl.league D/TextView: setTypeface with style : 0
10-02 17:07:54.289 15369-15369/com.yinzcam.nbl.league D/TextView: setTypeface with style : 0
10-02 17:07:54.292 15369-15369/com.yinzcam.nbl.league D/TextView: setTypeface with style : 0
10-02 17:07:54.295 15369-15369/com.yinzcam.nbl.league D/TextView: setTypeface with style : 0
10-02 17:07:54.298 15369-15369/com.yinzcam.nbl.league D/TextView: setTypeface with style : 0
10-02 17:07:54.299 15369-15369/com.yinzcam.nbl.league D/TextView: setTypeface with style : 0
10-02 17:07:54.301 15369-15369/com.yinzcam.nbl.league D/TextView: setTypeface with style : 0
10-02 17:07:54.302 15369-15369/com.yinzcam.nbl.league D/TextView: setTypeface with style : 0
10-02 17:07:54.303 15369-15369/com.yinzcam.nbl.league D/TextView: setTypeface with style : 0
10-02 17:07:54.307 15369-15369/com.yinzcam.nbl.league D/TextView: setTypeface with style : 0
10-02 17:07:54.309 15369-15369/com.yinzcam.nbl.league D/TextView: setTypeface with style : 0
10-02 17:07:54.311 15369-15369/com.yinzcam.nbl.league D/TextView: setTypeface with style : 0
10-02 17:07:54.314 15369-15369/com.yinzcam.nbl.league D/TextView: setTypeface with style : 0
10-02 17:07:54.317 15369-15369/com.yinzcam.nbl.league D/TextView: setTypeface with style : 0
10-02 17:07:54.321 15369-15369/com.yinzcam.nbl.league D/TextView: setTypeface with style : 0
10-02 17:07:54.322 15369-15369/com.yinzcam.nbl.league D/TextView: setTypeface with style : 0
10-02 17:07:54.326 15369-15369/com.yinzcam.nbl.league D/TextView: setTypeface with style : 0
10-02 17:07:54.327 15369-15369/com.yinzcam.nbl.league D/TextView: setTypeface with style : 0
10-02 17:07:54.329 15369-15369/com.yinzcam.nbl.league D/TextView: setTypeface with style : 0
10-02 17:07:54.330 15369-15369/com.yinzcam.nbl.league D/TextView: setTypeface with style : 0
10-02 17:07:54.332 15369-15369/com.yinzcam.nbl.league D/TextView: setTypeface with style : 0
10-02 17:07:54.334 15369-15369/com.yinzcam.nbl.league D/TextView: setTypeface with style : 0
10-02 17:07:54.336 15369-15369/com.yinzcam.nbl.league D/TextView: setTypeface with style : 0
10-02 17:07:54.339 15369-15369/com.yinzcam.nbl.league D/TextView: setTypeface with style : 0
10-02 17:07:54.340 15369-15369/com.yinzcam.nbl.league D/TextView: setTypeface with style : 0
10-02 17:07:54.342 15369-15369/com.yinzcam.nbl.league D/TextView: setTypeface with style : 0
10-02 17:07:54.346 15369-15369/com.yinzcam.nbl.league D/TextView: setTypeface with style : 0
10-02 17:07:54.349 15369-15369/com.yinzcam.nbl.league D/TextView: setTypeface with style : 0
10-02 17:07:54.350 15369-15369/com.yinzcam.nbl.league D/TextView: setTypeface with style : 0
10-02 17:07:54.352 15369-15369/com.yinzcam.nbl.league D/TextView: setTypeface with style : 0
10-02 17:07:54.353 15369-15369/com.yinzcam.nbl.league D/TextView: setTypeface with style : 0
10-02 17:07:54.355 15369-15369/com.yinzcam.nbl.league D/TextView: setTypeface with style : 0
10-02 17:07:54.357 15369-15369/com.yinzcam.nbl.league D/TextView: setTypeface with style : 0
10-02 17:07:54.361 15369-15369/com.yinzcam.nbl.league D/TextView: setTypeface with style : 0
10-02 17:07:54.363 15369-15369/com.yinzcam.nbl.league D/TextView: setTypeface with style : 0
10-02 17:07:54.365 15369-15369/com.yinzcam.nbl.league D/TextView: setTypeface with style : 0
10-02 17:07:54.366 15369-15369/com.yinzcam.nbl.league D/TextView: setTypeface with style : 0
10-02 17:07:54.370 15369-15369/com.yinzcam.nbl.league D/TextView: setTypeface with style : 0
10-02 17:07:54.374 15369-15369/com.yinzcam.nbl.league D/TextView: setTypeface with style : 0
10-02 17:07:54.375 15369-15369/com.yinzcam.nbl.league D/TextView: setTypeface with style : 0
10-02 17:07:54.377 15369-15369/com.yinzcam.nbl.league D/TextView: setTypeface with style : 0
10-02 17:07:54.378 15369-15369/com.yinzcam.nbl.league D/TextView: setTypeface with style : 0
10-02 17:07:54.379 15369-15369/com.yinzcam.nbl.league D/TextView: setTypeface with style : 0
10-02 17:07:54.381 15369-15369/com.yinzcam.nbl.league D/TextView: setTypeface with style : 0
10-02 17:07:54.384 15369-15369/com.yinzcam.nbl.league D/TextView: setTypeface with style : 0
10-02 17:07:54.386 15369-15369/com.yinzcam.nbl.league D/TextView: setTypeface with style : 0
10-02 17:07:54.387 15369-15369/com.yinzcam.nbl.league D/TextView: setTypeface with style : 0
10-02 17:07:54.389 15369-15369/com.yinzcam.nbl.league D/TextView: setTypeface with style : 0
10-02 17:07:54.393 15369-15369/com.yinzcam.nbl.league D/TextView: setTypeface with style : 0
10-02 17:07:54.396 15369-15369/com.yinzcam.nbl.league D/TextView: setTypeface with style : 0
10-02 17:07:54.397 15369-15369/com.yinzcam.nbl.league D/TextView: setTypeface with style : 0
10-02 17:07:54.398 15369-15369/com.yinzcam.nbl.league D/TextView: setTypeface with style : 0
10-02 17:07:54.400 15369-15369/com.yinzcam.nbl.league D/TextView: setTypeface with style : 0
10-02 17:07:54.401 15369-15369/com.yinzcam.nbl.league D/TextView: setTypeface with style : 0
10-02 17:07:54.404 15369-15369/com.yinzcam.nbl.league D/TextView: setTypeface with style : 0
10-02 17:07:54.406 15369-15369/com.yinzcam.nbl.league D/TextView: setTypeface with style : 0
10-02 17:07:54.407 15369-15369/com.yinzcam.nbl.league D/TextView: setTypeface with style : 0
10-02 17:07:54.409 15369-15369/com.yinzcam.nbl.league D/TextView: setTypeface with style : 0
10-02 17:07:54.411 15369-15369/com.yinzcam.nbl.league D/TextView: setTypeface with style : 0
10-02 17:07:54.414 15369-15369/com.yinzcam.nbl.league D/TextView: setTypeface with style : 0
10-02 17:07:54.422 15369-15369/com.yinzcam.nbl.league I/Choreographer: Skipped 48 frames!  The application may be doing too much work on its main thread.
10-02 17:07:56.038 15369-15369/com.yinzcam.nbl.league D/ViewRootImpl@b67ce[NBAHomeActivity]: ViewPostImeInputStage processPointer 0
10-02 17:07:56.039 15369-15369/com.yinzcam.nbl.league W/System: ClassLoader referenced unknown path: /system/framework/QPerformance.jar
10-02 17:07:56.040 15369-15369/com.yinzcam.nbl.league E/BoostFramework: BoostFramework() : Exception_1 = java.lang.ClassNotFoundException: Didn't find class "com.qualcomm.qti.Performance" on path: DexPathList[[],nativeLibraryDirectories=[/system/lib64, /vendor/lib64]]
10-02 17:07:56.461 15369-15369/com.yinzcam.nbl.league D/ViewRootImpl@b67ce[NBAHomeActivity]: ViewPostImeInputStage processPointer 1
10-02 17:07:56.684 15369-15369/com.yinzcam.nbl.league D/ViewRootImpl@b67ce[NBAHomeActivity]: ViewPostImeInputStage processPointer 0
10-02 17:07:56.963 15369-15369/com.yinzcam.nbl.league D/TextView: setTypeface with style : 0
10-02 17:07:57.096 15369-15369/com.yinzcam.nbl.league D/ViewRootImpl@b67ce[NBAHomeActivity]: ViewPostImeInputStage processPointer 1
10-02 17:07:57.386 15369-15369/com.yinzcam.nbl.league D/ViewRootImpl@b67ce[NBAHomeActivity]: ViewPostImeInputStage processPointer 0
10-02 17:07:57.689 15369-15369/com.yinzcam.nbl.league D/ViewRootImpl@b67ce[NBAHomeActivity]: ViewPostImeInputStage processPointer 1
10-02 17:07:58.117 15369-15369/com.yinzcam.nbl.league D/ViewRootImpl@b67ce[NBAHomeActivity]: ViewPostImeInputStage processPointer 0
10-02 17:07:58.173 15369-15369/com.yinzcam.nbl.league D/ViewRootImpl@b67ce[NBAHomeActivity]: ViewPostImeInputStage processPointer 1
10-02 17:07:58.225 15369-15369/com.yinzcam.nbl.league D/ViewRootImpl@b67ce[NBAHomeActivity]: MSG_WINDOW_FOCUS_CHANGED 0
10-02 17:07:58.237 15369-15369/com.yinzcam.nbl.league D/LoadingSupportFragment: Stopping background refresh
10-02 17:07:58.238 15369-15369/com.yinzcam.nbl.league I/IntManager: onActivityPause
    has  0 activity elements
10-02 17:07:58.368 15369-15369/com.yinzcam.nbl.league I/IntManager: onActivityCreated
    has  0 activity elements
10-02 17:07:58.392 15369-15369/com.yinzcam.nbl.league D/ExoConfiguration: LoadControl is null, setting it to DefaultLoadControl
10-02 17:07:58.392 15369-15369/com.yinzcam.nbl.league D/Options: this.tvRatingConfiguration = com.ooyala.android.configuration.FCCTVRatingConfiguration@38007bd
    this.exoConfiguration = com.ooyala.android.configuration.ExoConfiguration@90d11b2
    this.iqConfiguration = com.ooyala.android.analytics.IqConfiguration@7a0f503
    this.showCuePoints = true
    this.showAdsControls = true
    this.preloadContent = true
    this.showPromoImage = false
    this.showLiveControls = true
    this.connectionTimeoutInMillisecond = 10000
    this.readTimeoutInMillisecond = 10000
    this.preventVideoViewSharing = false
    this.useExoPlayer = true
    this.useAdobePlayer = false
    this.playerInfo = null
    this.showNativeLearnMoreButton = true
    this.bypassPCodeMatching = false
    this.disableVASTOoyalaAds = false
    this.dynamicFilters = null
    this.hevcEnabled = false
    this.widevineSecurityL3Enabled = false
    this.initialPlaybackSpeed = 1.0
10-02 17:07:58.393 15369-15369/com.yinzcam.nbl.league D/FCCTVRatingConfiguration: this.durationSeconds = 0
    this.position = TopLeft
    this.scale = 0.2
    this.opacity = 0.9
10-02 17:07:58.393 15369-15369/com.yinzcam.nbl.league D/ExoConfiguration: loadControl = DefaultLoadControl
    maxBitrate = 2147483647
    maxWidth = 2147483647
    maxHeight = 2147483647
10-02 17:07:58.393 15369-15369/com.yinzcam.nbl.league D/IqConfiguration: this.playerID = ooyala_android
    this.analyticsJSURL = http://analytics.ooyala.com/static/v3/analytics.js
    this.domain = null
    this.backendEndpointURL = http://l.ooyala.com/v3/analytics/events
    this.deviceInfo {
      browser = android_sdk
      browserVersion = 0
      os = android
      osVersion = 7.0
      deviceType = tablet/mobile
      deviceBrand = samsung
      model = SM-G935F
    }
10-02 17:07:58.394 15369-15369/com.yinzcam.nbl.league D/com.ooyala.android.AdPluginManager: register ad plugincom.ooyala.android.OoyalaManagedAdsPlugin@9b3de5f
10-02 17:07:58.396 15369-15369/com.yinzcam.nbl.league I/art: Rejecting re-init on previously-failed class java.lang.Class<com.ooyala.android.player.exoplayer.BaseExoPlayer>: java.lang.NoClassDefFoundError: Failed resolution of: Lcom/google/android/exoplayer2/source/MediaSourceEventListener;
        at void com.ooyala.android.OoyalaPlayer.<init>(java.lang.String, com.ooyala.android.PlayerDomain, com.ooyala.android.EmbedTokenGenerator, com.ooyala.android.configuration.Options) (OoyalaPlayer.java:489)
        at void com.yinzcam.nba.mobile.video.OoyalaPlayerActivity.populateViews() (OoyalaPlayerActivity.java:157)
        at void com.yinzcam.nba.mobile.video.OoyalaPlayerActivity.onCreate(android.os.Bundle) (OoyalaPlayerActivity.java:101)
        at void android.app.Activity.performCreate(android.os.Bundle) (Activity.java:6912)
        at void android.app.Instrumentation.callActivityOnCreate(android.app.Activity, android.os.Bundle) (Instrumentation.java:1126)
        at android.app.Activity android.app.ActivityThread.performLaunchActivity(android.app.ActivityThread$ActivityClientRecord, android.content.Intent) (ActivityThread.java:2877)
        at void android.app.ActivityThread.handleLaunchActivity(android.app.ActivityThread$ActivityClientRecord, android.content.Intent, java.lang.String) (ActivityThread.java:2985)
        at void android.app.ActivityThread.-wrap14(android.app.ActivityThread, android.app.ActivityThread$ActivityClientRecord, android.content.Intent, java.lang.String) (ActivityThread.java:-1)
        at void android.app.ActivityThread$H.handleMessage(android.os.Message) (ActivityThread.java:1635)
        at void android.os.Handler.dispatchMessage(android.os.Message) (Handler.java:102)
        at void android.os.Looper.loop() (Looper.java:154)
        at void android.app.ActivityThread.main(java.lang.String[]) (ActivityThread.java:6692)
        at java.lang.Object java.lang.reflect.Method.invoke!(java.lang.Object, java.lang.Object[]) (Method.java:-2)
        at void com.android.internal.os.ZygoteInit$MethodAndArgsCaller.run() (ZygoteInit.java:1468)
        at void com.android.internal.os.ZygoteInit.main(java.lang.String[]) (ZygoteInit.java:1358)
    Caused by: java.lang.ClassNotFoundException: Didn't find class "com.google.android.exoplayer2.source.MediaSourceEventListener" on path: DexPathList[[zip file "/data/app/com.yinzcam.nbl.league-1/base.apk"],nativeLibraryDirectories=[/data/app/com.yinzcam.nbl.league-1/lib/arm64, /data/app/com.yinzcam.nbl.league-1/base.apk!/lib/arm64-v8a, /system/lib64, /vendor/lib64]]
        at java.lang.Class dalvik.system.BaseDexClassLoader.findClass(java.lang.String) (BaseDexClassLoader.java:56)
        at java.lang.Class java.lang.ClassLoader.loadClass(java.lang.String, boolean) (ClassLoader.java:380)
        at java.lang.Class java.lang.ClassLoader.loadClass(java.lang.String) (ClassLoader.java:312)
        at void com.ooyala.android.OoyalaPlayer.<init>(java.lang.String, com.ooyala.android.PlayerDomain, com.ooyala.android.EmbedTokenGenerator, com.ooyala.android.configuration.Options) (OoyalaPlayer.java:489)
        at void com.yinzcam.nba.mobile.video.OoyalaPlayerActivity.populateViews() (OoyalaPlayerActivity.java:157)
        at void com.yinzcam.nba.mobile.video.OoyalaPlayerActivity.onCreate(android.os.Bundle) (OoyalaPlayerActivity.java:101)
        at void android.app.Activity.performCreate(android.os.Bundle) (Activity.java:6912)
        at void android.app.Instrumentation.callActivityOnCreate(android.app.Activity, android.os.Bundle) (Instrumentation.java:1126)
        at android.app.Activity android.app.ActivityThread.performLaunchActivity(android.app.ActivityThread$ActivityClientRecord, android.content.Intent) (ActivityThread.java:2877)
        at void android.app.ActivityThread.handleLaunchActivity(android.app.ActivityThread$ActivityClientRecord, android.content.Intent, java.lang.String) (ActivityThread.java:2985)
        at void android.app.ActivityThread.-wrap14(android.app.ActivityThread, android.app.ActivityThread$ActivityClientRecord, android.content.Intent, java.lang.String) (ActivityThread.java:-1)
        at void android.app.ActivityThread$H.handleMessage(android.os.Message) (ActivityThread.java:1635)
        at void android.os.Handler.dispatchMessage(android.os.Message) (Handler.java:102)
        at void android.os.Looper.loop() (Looper.java:154)
        at void android.app.ActivityThread.main(java.lang.String[]) (ActivityThread.java:6692)
        at java.lang.Object java.lang.reflect.Method.invoke!(java.lang.Object, java.lang.Object[]) (Method.java:-2)
        at void com.android.internal.os.ZygoteInit$MethodAndArgsCaller.run() (ZygoteInit.java:1468)
        at void com.android.internal.os.ZygoteInit.main(java.lang.String[]) (ZygoteInit.java:1358)
    Rejecting re-init on previously-failed class java.lang.Class<com.ooyala.android.player.exoplayer.ExoStreamPlayer>: java.lang.NoClassDefFoundError: Failed resolution of: Lcom/ooyala/android/player/exoplayer/BaseExoPlayer;
        at void com.ooyala.android.OoyalaPlayer.<init>(java.lang.String, com.ooyala.android.PlayerDomain, com.ooyala.android.EmbedTokenGenerator, com.ooyala.android.configuration.Options) (OoyalaPlayer.java:489)
        at void com.yinzcam.nba.mobile.video.OoyalaPlayerActivity.populateViews() (OoyalaPlayerActivity.java:157)
        at void com.yinzcam.nba.mobile.video.OoyalaPlayerActivity.onCreate(android.os.Bundle) (OoyalaPlayerActivity.java:101)
        at void android.app.Activity.performCreate(android.os.Bundle) (Activity.java:6912)
        at void android.app.Instrumentation.callActivityOnCreate(android.app.Activity, android.os.Bundle) (Instrumentation.java:1126)
        at android.app.Activity android.app.ActivityThread.performLaunchActivity(android.app.ActivityThread$ActivityClientRecord, android.content.Intent) (ActivityThread.java:2877)
        at void android.app.ActivityThread.handleLaunchActivity(android.app.ActivityThread$ActivityClientRecord, android.content.Intent, java.lang.String) (ActivityThread.java:2985)
        at void android.app.ActivityThread.-wrap14(android.app.ActivityThread, android.app.ActivityThread$ActivityClientRecord, android.content.Intent, java.lang.String) (ActivityThread.java:-1)
        at void android.app.ActivityThread$H.handleMessage(android.os.Message) (ActivityThread.java:1635)
        at void android.os.Handler.dispatchMessage(android.os.Message) (Handler.java:102)
        at void android.os.Looper.loop() (Looper.java:154)
        at void android.app.ActivityThread.main(java.lang.String[]) (ActivityThread.java:6692)
        at java.lang.Object java.lang.reflect.Method.invoke!(java.lang.Object, java.lang.Object[]) (Method.java:-2)
        at void com.android.internal.os.ZygoteInit$MethodAndArgsCaller.run() (ZygoteInit.java:1468)
        at void com.android.internal.os.ZygoteInit.main(java.lang.String[]) (ZygoteInit.java:1358)
    Caused by: java.lang.ClassNotFoundException: com.ooyala.android.player.exoplayer.BaseExoPlayer
        at java.lang.Class java.lang.VMClassLoader.findLoadedClass!(java.lang.ClassLoader, java.lang.String) (VMClassLoader.java:-2)
        at java.lang.Class java.lang.ClassLoader.findLoadedClass(java.lang.String) (ClassLoader.java:742)
        at java.lang.Class java.lang.ClassLoader.loadClass(java.lang.String, boolean) (ClassLoader.java:362)
        at java.lang.Class java.lang.ClassLoader.loadClass(java.lang.String) (ClassLoader.java:312)
        at void com.ooyala.android.OoyalaPlayer.<init>(java.lang.String, com.ooyala.android.PlayerDomain, com.ooyala.android.EmbedTokenGenerator, com.ooyala.android.configuration.Options) (OoyalaPlayer.java:489)
        at void com.yinzcam.nba.mobile.video.OoyalaPlayerActivity.populateViews() (OoyalaPlayerActivity.java:157)
        at void com.yinzcam.nba.mobile.video.OoyalaPlayerActivity.onCreate(android.os.Bundle) (OoyalaPlayerActivity.java:101)
        at void android.app.Activity.performCreate(android.os.Bundle) (Activity.java:6912)
        at void android.app.Instrumentation.callActivityOnCreate(android.app.Activity, android.os.Bundle) (Instrumentation.java:1126)
        at android.app.Activity android.app.ActivityThread.performLaunchActivity(android.app.ActivityThread$ActivityClientRecord, android.content.Intent) (ActivityThread.java:2877)
        at void android.app.ActivityThread.handleLaunchActivity(android.app.ActivityThread$ActivityClientRecord, android.content.Intent, java.lang.String) (ActivityThread.java:2985)
        at void android.app.ActivityThread.-wrap14(android.app.ActivityThread, android.app.ActivityThread$ActivityClientRecord, android.content.Intent, java.lang.String) (ActivityThread.java:-1)
        at void android.app.ActivityThread$H.handleMessage(android.os.Message) (ActivityThread.java:1635)
        at void android.os.Handler.dispatchMessage(android.os.Message) (Handler.java:102)
        at void android.os.Looper.loop() (Looper.java:154)
        at void android.app.ActivityThread.main(java.lang.String[]) (ActivityThread.java:6692)
        at java.lang.Object java.lang.reflect.Method.invoke!(java.lang.Object, java.lang.Object[]) (Method.java:-2)
        at void com.android.internal.os.ZygoteInit$MethodAndArgsCaller.run() (ZygoteInit.java:1468)
        at void com.android.internal.os.ZygoteInit.main(java.lang.String[]) (ZygoteInit.java:1358)
10-02 17:07:58.397 15369-15369/com.yinzcam.nbl.league I/com.ooyala.android.OoyalaPlayer: Ooyala SDK Iq Tracking State is : DEFAULT
10-02 17:07:58.398 15369-15369/com.yinzcam.nbl.league D/AnalyticsPluginManager: Registered analytics plugincom.ooyala.android.IQAnalyticsPlugin@bd0d0ac
10-02 17:07:58.398 15369-15369/com.yinzcam.nbl.league I/com.ooyala.android.OoyalaPlayer: Ooyala SDK Version: v4.39.0_RC10
10-02 17:07:58.418 15369-15369/com.yinzcam.nbl.league D/com.ooyala.android.AdPluginManager: register ad plugincom.ooyala.android.pulseintegration.OoyalaPulseManager$2@9261527
10-02 17:07:58.423 15369-15598/com.yinzcam.nbl.league D/com.ooyala.android.OoyalaAPIHelper: Sending Request: http://player.ooyala.com/player_api/v1/content_tree/embed_code/Fpb2gyOm8oyoELoEruEc269YjEjT/s2MWZjZzE6FdEKPlkZ7-ATPNYT_lL00s?device=android_3plus_sdk
10-02 17:07:58.423 15369-15369/com.yinzcam.nbl.league I/IntManager: onActivityStart
    has  0 activity elements
10-02 17:07:58.423 15369-15598/com.yinzcam.nbl.league I/System.out: (HTTPLog)-Static: isSBSettingEnabled false
10-02 17:07:58.424 15369-15598/com.yinzcam.nbl.league I/System.out: (HTTPLog)-Static: isSBSettingEnabled false
10-02 17:07:58.425 15369-15600/com.yinzcam.nbl.league D/com.ooyala.android.OoyalaAPIHelper: Sending Request: http://player.ooyala.com/player_api/v1/metadata/embed_code/Fpb2gyOm8oyoELoEruEc269YjEjT/s2MWZjZzE6FdEKPlkZ7-ATPNYT_lL00s?device=android_3plus_sdk
10-02 17:07:58.425 15369-15600/com.yinzcam.nbl.league I/System.out: (HTTPLog)-Static: isSBSettingEnabled false
10-02 17:07:58.425 15369-15600/com.yinzcam.nbl.league I/System.out: (HTTPLog)-Static: isSBSettingEnabled false
10-02 17:07:58.428 15369-15369/com.yinzcam.nbl.league D/PersistentEventStore/putEvent: Row ID: 24, Event ID: 24
10-02 17:07:58.429 15369-15599/com.yinzcam.nbl.league D/Utils: Requesting an OPT for Chromecast
10-02 17:07:58.429 15369-15599/com.yinzcam.nbl.league D/com.ooyala.android.OoyalaAPIHelper: Sending Request: http://player.ooyala.com/sas/player_api/v1/authorization/embed_code/Fpb2gyOm8oyoELoEruEc269YjEjT/s2MWZjZzE6FdEKPlkZ7-ATPNYT_lL00s?device=android_html&domain=http%3A%2F%2Fwww.ooyala.com&embedToken=&supportedFormats=dash%2Cakamai_hd2_vod_hls%2Cmp4%2Cm3u8%2Chls%2Cakamai_hd2_hls
10-02 17:07:58.430 15369-15599/com.yinzcam.nbl.league I/System.out: (HTTPLog)-Static: isSBSettingEnabled false
    (HTTPLog)-Static: isSBSettingEnabled false
10-02 17:07:58.440 15369-15369/com.yinzcam.nbl.league I/IntManager: onActivityResume
    has  0 activity elements
10-02 17:07:58.445 15369-15369/com.yinzcam.nbl.league D/InputTransport: Input channel constructed: fd=128
10-02 17:07:58.445 15369-15369/com.yinzcam.nbl.league D/ViewRootImpl@c47ebca[OoyalaPlayerActivity]: setView = DecorView@cb3213b[OoyalaPlayerActivity] touchMode=true
10-02 17:07:58.475 15369-15506/com.yinzcam.nbl.league D/mali_winsys: EGLint new_window_surface(egl_winsys_display*, void*, EGLSurface, EGLConfig, egl_winsys_surface**, egl_color_buffer_format*, EGLBoolean) returns 0x3000,  [1920x1080]-format:1
10-02 17:07:58.479 15369-15369/com.yinzcam.nbl.league D/ViewRootImpl@c47ebca[OoyalaPlayerActivity]: MSG_RESIZED_REPORT: ci=Rect(0, 0 - 0, 0) vi=Rect(0, 0 - 0, 0) or=2
    MSG_WINDOW_FOCUS_CHANGED 1
10-02 17:07:58.480 15369-15369/com.yinzcam.nbl.league I/InputMethodManager: [IMM] startInputInner - mService.startInputOrWindowGainedFocus
10-02 17:07:58.481 15369-15369/com.yinzcam.nbl.league D/InputTransport: Input channel constructed: fd=136
    Input channel destroyed: fd=153
10-02 17:07:59.066 15369-15599/com.yinzcam.nbl.league D/com.ooyala.android.OoyalaAPIHelper: FOUND COOKIE: key_auth0=yFST1h1aFmLbuOooLYsQHTvkQ4YbEb2DOae05iu7M4eoZw6HcvXyOpmY1B1lhaWDLzhb1Rh3klccn488MFAvsRJiu_Ygfsn_sueUxztixEB_DA_6w4VvzWVpZNP9bEJ7; domain=.ooyala.com; path=/; expires=Wed, 03-Oct-2018 22:07:59 GMT; HttpOnly
10-02 17:07:59.087 15369-15369/com.yinzcam.nbl.league I/IQAnalyticsWebviewWrapper: No Domain set in IqConfiguration, using domain from OoyalaPlayer Initialization
10-02 17:07:59.089 15369-15369/com.yinzcam.nbl.league D/TemporaryInternalStorageFiles: cleanup(): dir=/data/user/0/com.yinzcam.nbl.league/cache
    cleanup(): f=/data/user/0/com.yinzcam.nbl.league/cache/WebView, isFile=false, nameMatches=false, isOld=true
    cleanup(): f=/data/user/0/com.yinzcam.nbl.league/cache/OOTISF_0_pb28231731802175.html, isFile=true, nameMatches=true, isOld=false
10-02 17:07:59.090 15369-15369/com.yinzcam.nbl.league D/IQAnalyticsWebviewWrapper: trying to load: file:///data/user/0/com.yinzcam.nbl.league/cache/OOTISF_0_pb2823363119909.html
10-02 17:07:59.091 15369-15369/com.yinzcam.nbl.league D/IQAnalyticsWebviewWrapper: <html><head><script src="http://analytics.ooyala.com/static/v3/analytics.js"></script>
    <script>function _init() {
    reporter = new Ooyala.Analytics.Reporter('Fpb2gyOm8oyoELoEruEc269YjEjT');
    reporter.setDeviceInfo('ZsUbtTYV2KERACzqSFr30+0cNF6J7uUa2NIKMjLgdEA=',{os: 'android',browser: 'android_sdk', deviceType: 'mobile', osVersion:'7.0', deviceBrand:'samsung', model:'SM-G935F'});reporter.setPlayerInfo('ooyala_android','ooyala android sdk','v4.39.0_RC10');
10-02 17:07:59.092 15369-15369/com.yinzcam.nbl.league D/IQAnalyticsWebviewWrapper: reporter.setDocumentURL('http://www.ooyala.com');reporter.setIQBackendURL('http://l.ooyala.com/v3/analytics/events');};</script></head><body onLoad="_init();"></body></html>
10-02 17:07:59.098 15369-15472/com.yinzcam.nbl.league W/cr_media: Requires BLUETOOTH permission
10-02 17:07:59.098 15369-15605/com.yinzcam.nbl.league E/libEGL: validate_display:99 error 3008 (EGL_BAD_DISPLAY)
10-02 17:07:59.099 15369-15369/com.yinzcam.nbl.league D/IQAnalyticsWebviewWrapper: Initialized Analytics with user agent: Ooyala Android SDK v4.39.0_RC10 [Mozilla/5.0 (Linux; Android 7.0; SM-G935F Build/NRD90M; wv) AppleWebKit/537.36 (KHTML, like Gecko) Version/4.0 Chrome/69.0.3497.100 Mobile Safari/537.36]
10-02 17:07:59.099 15369-15369/com.yinzcam.nbl.league E/string:: javascript:reporter.reportPlayerLoad();
    javascript:reporter.initializeMedia('s2MWZjZzE6FdEKPlkZ7-ATPNYT_lL00s', Ooyala.Analytics.MediaContentType.OOYALA_CONTENT);reporter.setMediaDuration(49600);
    javascript:reporter.reportPlayRequested(false);
10-02 17:07:59.102 15369-15369/com.yinzcam.nbl.league D/com.ooyala.android.OoyalaPlayerContextSwitcher: post content changed
10-02 17:07:59.103 15369-15369/com.yinzcam.nbl.league I/art: Rejecting re-init on previously-failed class java.lang.Class<com.ooyala.android.player.exoplayer.ExoStreamPlayer>: java.lang.NoClassDefFoundError: Failed resolution of: Lcom/ooyala/android/player/exoplayer/BaseExoPlayer;
        at void com.ooyala.android.OoyalaPlayer.<init>(java.lang.String, com.ooyala.android.PlayerDomain, com.ooyala.android.EmbedTokenGenerator, com.ooyala.android.configuration.Options) (OoyalaPlayer.java:489)
        at void com.yinzcam.nba.mobile.video.OoyalaPlayerActivity.populateViews() (OoyalaPlayerActivity.java:157)
        at void com.yinzcam.nba.mobile.video.OoyalaPlayerActivity.onCreate(android.os.Bundle) (OoyalaPlayerActivity.java:101)
        at void android.app.Activity.performCreate(android.os.Bundle) (Activity.java:6912)
        at void android.app.Instrumentation.callActivityOnCreate(android.app.Activity, android.os.Bundle) (Instrumentation.java:1126)
        at android.app.Activity android.app.ActivityThread.performLaunchActivity(android.app.ActivityThread$ActivityClientRecord, android.content.Intent) (ActivityThread.java:2877)
        at void android.app.ActivityThread.handleLaunchActivity(android.app.ActivityThread$ActivityClientRecord, android.content.Intent, java.lang.String) (ActivityThread.java:2985)
        at void android.app.ActivityThread.-wrap14(android.app.ActivityThread, android.app.ActivityThread$ActivityClientRecord, android.content.Intent, java.lang.String) (ActivityThread.java:-1)
        at void android.app.ActivityThread$H.handleMessage(android.os.Message) (ActivityThread.java:1635)
10-02 17:07:59.103 15369-15369/? I/art:     at void android.os.Handler.dispatchMessage(android.os.Message) (Handler.java:102)
        at void android.os.Looper.loop() (Looper.java:154)
